^XA,^FS
^FO0,0
^GFA,31195,121160,104,
,:::::::::::::::::::::::::::::::::::::::::::::nG07gMF8X0::::::::hX07FgQ07800007C00003E00001E00001FhJ07gMF8X0hX07FgP03FF0003FF8001FFC000FFC000FFEhI07gMF8X0hX07FgP0FFFC007FFC003FFE003FFF001FFF8hH07gMF8X0hX07FgO01FFFE00FFFE007FFF007FFF803FFF8hH07gMF8X0hX07FgO01F03F01F03F00F81F807C0FC07E07ChH07gMF8X0hX07FgO03E01F01E00F81F00F80F807C07803EhH07gMF8X0hX07FgO03C00F03E00781E007C0F003C0F801EhH07gMF8X0gI07FFM0FFEM0FFEL01FFC007FgO07C00F03C00781E003C1F003E0F001EhH07gMF8X0gH03FFFCK07FFFCK07FFF8K07FFF807FgO07800F83C00781E003C1E003E0F001EhH07LFE007F800003PF8X0gH0KFK0KF00001FFFFE00001FFFFE07F0007FEgI07800F03C00781E003C1F003C0F001EhH07LFC001F800003F007LF8X0gG01KFC0003KF80003KF80007KF07F000FFCgI03C00F03C00781E007C0F003C0F801EhH07LF8000F800003E003LF8X0gG03KFE0007KFC0007KFC000LF87F001FF8gI03C01F01E00F81F00780F007C07803EhH07LF0FF07FF87FFC001LF8X0gG07LF000LFE000LFE001LF07F007FEgJ03F03E01F01F00F80F80FC0F807C07ChH07KFE1FF87FFC7FF83E0LF8X0gG0FFC03FF801FFC03FF001FF807FF003FF807E07F00FFCgJ01FFFC00FFFE007FFF007FFF003FFF8hH07KFE3FFC3FFC7FF8FF0LF8X0g01FF000FF803FF000FF803FE001FF003FE001C07F01FF8gK07FF8007FFC003FFC001FFE000FFFhI07KFE3FFC3FFC7FF0FF87KF8X0g03FE0003FC03FC0007FC07FC0007F807F8K07F03FFgL0FFFC007FFC003FFE003FFF001FFFhI07KFE3FFE3FFC7FF0FF87KF8X0g03FC0001FE07F80003FC07F80003FC0FFL07F07FEgK01FFFE00FFFF00FFFF807FFF803FFFChH07KFE1LFC7FF1FF87KF8X0g07F80001FE07F00001FC0FF00001FC0FFL07F1FF8gK03F03F01F01F81F80F80FC0FC07C07EhH07KFE0LFC7FF1FF87KF8X0g07FK0FE07FK0FE0FE00001FC0FEL07F3FFgL07C00F83E00F81F007C1F003E0F803EhH07LF03KFC7KF8LF8X0g07FK0FF0FEK0FE0FEK0FE1FEL07F7FEgL07800787C007C3E003C1E001E0F001FhH07LF001FFFFC7KF0LF8X0g07EK07F0FEK0FE0FEK0FE1FCL07FFFFgL07800787C003C3C003E1E001E1F000FhH07LFC003FFFC7FFFFE1LF8X0g0FEK07F0FEK07E0FCK0FE1FCL07FFFFgL0F8007C78003C3C001E3E001F1E000FhH07MF000FFFC7FFFFC1LF8X0g0FEK07F0FEK07E0FCK0FE1FCL07FFFF8gK0F8007C78003C3C001E3E001F1E000FhH07NF007FFC7FFFF07LF8X0g0FEK07F0FEK07E0FCK0FE1FCL07FFFFCgK0F8007C78003C3C001E3E001F1E000FhH07OF03FFC7FFFC0MF8X0g0FEK07F0FEK0FE0FEK0FE1FCL07FFBFEgK0F8007878003C3C001E3E001E1E000FhH07OFC3FFC7FFF83MF8X0g0FFK0FF0FEK0FE0FEK0FE1FEL07FF1FFgK07800787C003C3E003E1E001E1F000FhH07OFE1FFC7FFE0NF8X0g0FFK0FE07FK0FE0FE00001FE0FEL07FE0FF8gJ07C00F83C00783E003C1F003E0F801FhH07KFC7FFE1FFC7FFC1NF8X0g0FF80001FE07F00001FE0FF00001FE0FFL07FC07FCgJ07E01F03F00F81F007C1F807C0FC03EhH07KFC3FFE1FFC7FF87NF8X0g0FFC0001FE07F80003FE07F80003FE0FFL07F803FCgJ03F87F01FC3F01FC3F80FE1FC07F0FChH07KFC3FFE3FFC7FF8OF8X0g0FFE0003FC03FC0007FE07FC0007FE07F8K07F001FEgJ01FFFE00FFFE00FFFF007FFF803FFF8hH07KFE1FFE3FFC7FF0OF8X0g0FFF000FF803FF000FFE03FE001FFE03FE001C07F001FFgK07FF8007FFC003FFE001FFF001FFFhI07KFE0FFC3FFC7FF1OF8X0g0FFFC03FF801FFC03FFE01FF807FFE03FF807E07F000FF8gJ01FE0001FF0000FF80007FC0007FChI07LF03E07FFC7FF00007KF8X0g0NF000MFE00MFE01LF07F0007FCjU07LF8000FFFC7FF00007KF8X0g0MFE0007LFE007LFE00LF87F0003FEjU07LFE003FFFC7FE00007KF8X0g0MFC0003LFE003LFE007KF07F0001FFjU07MF81XF8X0g0FEKFK0LFE001FFFFEFE001FFFFE07F0000FFjU07gMF8X0g0FE3FFFCK07FFFC7E0007FFF8FE0007FFF807F00007F8jT07gMF8X0g0FE07FEM0FFE07E0000FFE0FE0001FFC003F00003FCjT07gMF8X0g0FElY07gMF8X0::::::::nG07gMF8X0::::::::,:::::::::::::gG01084010000C08000080200842000300C02004080010200102001000080040800021001008020201100008020004204010840008020080001000204002K010808000400204210040008080600080200202042g0gG01F8701C001E380FFF80E0387E000781E07FFE38001C7F01C7F01C001FC071E000E1FFF81E078E03F800380F0007F1C070FC000E0380FFF8700038FE03801FFF0E3C001C07F1C3F01C000FFC0F01FC7F003FF1C3FY0::::::::::::::::::::::::::::::::::::::::::::::::::::::::::::::::::::::::::::::::::::::::::::::::::::::::::::,::::::::mH0EQ038gL07gK0:::::kY0380001C0000600780003800E001CM03870000380001801E0000FL070007gG0kW01CFF000FFC039E01FF001FF00E00FF8L039FE001FF00E7807FC003FE000FE7003FEg0kW01DFF801FFE03BE03FF803FF80E01FFCL03FFF007FFC0EF80FFE00FFF003FF7007FFg0kW01F87C03C1F03FE0787C07C7C0E03C1EL03F0F80783C0FF81E1F01F0F807E7F00F8F8Y0kW01F01C0380703E00F01C0F01E0E0380EL03E0780F01E0F803C0701E03C0781F01E03CY0kW01E01E0700703C00E01C0E00E0E0700FL03C03C0E00E0F00380703C01C0F00F01C01CY0kW01E00E0300703C01E00E1E00F0E078N03803C0600E0F00780383801C0E00F03C01CY0kW01C00E0000703801C0001C0070E07CN03801C0001E0E00700003801E0E00703801EY0kW01C00E0007F03801C0001E0070E03F8M03801C000FE0E00700003800E1E00703801EY0kW01C00F00FFF03801C0001FFFF0E01FFM03801C01FFE0E00700007800E1E00703FFFEY0kW01C00F03FF703801C0001FFFF0E007FEL03801C07FDE0E00700007800E1E00703FFFEY0kW01C00F07E0703801C0001C0000E000FFL03801C0F80E0E00700007800E1E007038gH0kW01C00E0780703801C0001C0000E0000FL03801C1E00E0E00700007801E1E007038gH0kW01C00E0F00703801C00E1E0000E00007L03801C1E00E0E00700383801C0E007038gH0kW01E00E0F00703801E01C1E00F0E07007L03803C1C01E0E00780703801C0E00F03C01CY0kW01E01E0F00F03800E01C0E00E0E07007L03C0381C01E0E00380703C03C0F00F01C01CY0kW01F03C0701F03800F03C0F01E0E0780FL03E0781E03E0E003C0F01E0780781F01E038Y0kW01FCF807CFF838007FF807C7C0E03E3EL03FFF00F9FF0E001FFE01F9F807E7F00F9F8Y0kW01DFF003FF7C38003FF003FF80E01FFCL03BFE007FCF8E000FFC00FFF003FF7007FFg0kW01CFE001FC3C38001FC000FE00E00FF8L031FC003F878E0007F0003FC000FE7003FCg0kW01CjO0hN07MFC01FFFC000FFC1NFgY01CjO0hN07MFC01FFFC000FFC1NFgY01CgP0FFFFEhT0hN07MFC01FFFC000FFC1NFgY01CgP0KFhT0hN07MFC01FFFC000FFC1NFgY01CjO0gU0FR078K07C1FF07FFFF07C1EK01FgY01CjO0:gU0FR078K07C1FF07FFFF07C1EK01FlP0:gU0FR078K07C1FF07FFFF0781EK01FlP0gU0FR0783FFF07C1E00001E0F801E0FFFE1FlP0:::gU0FR0783FFF07C1E00001E07801E0FFFE1FlP0gU0FR0783FFF07C1E007FE0007C1E0FFFE1FlP0:::gU0FR0783FFF07C0E007FC0007C1E0FFFE1FlP0gU0FR0783FFF07C00007C000FFC1E0FFFE1FjW01000180F8gJ0gU0FR0783FFF07C00007C000FFC1E0FFFE1FjW03800183FEgJ0gU0FR0783FFF07C00007C000FFC1E0FFFE1FjW0380038FFFgJ0gU0FR0783FFF07C00007C000FF81E0FFFC1FjW0780030F078gI0gU0FR078K07C01F003E00F801EK01FjV03F80031E03CgI0gU0FR078K07C01F003E00F801EK01FjV0FF80071C01CgI0:gU0FR078K07C01F003E00F801EK01FjW0380061C01CgI0gU0FR078K07C01F003E00F801FK01FjW03800E1801CgI0gU0FR07MFC1E0F83E1F07C1NFjW03800E0003CgI0gU0FR07MFC1E0F83E1F07C1NFjW03800C00078gI0gU0FR07MFC1E0F83E1F07C1NFjW03801C000FgJ0gU0FR07MFC1E0F83E1F07C1NFjW03801C001EgJ0gU0FR07MFC1E0FC3C1F87C1NFjW038018007CgJ0gU0FgG01E0FFC01FFFCkL03803801FgK0gU0FgG01E0FFC01FFFCkL03803803EgK0gU0FgG01E0FFC01FFFCkL038030078gK0gU0FgG01E0FFC01FFFCkL0380300EgL0gU0FgG01E07FC00FFFCkL0380701EgL0gU0FR078K07C1E007FE00003FE007FFEjX0380601CgL0gU0FR078K07C1E007FE00003FE007FFEjX0380603CgL0gU0FR078K07C1E007FE00003FE007FFEjX0380E03FFFCgI0gU0FR078K07C1E007FE00003FE007FFEjX0380C03FFFCgI0gU0FR07FCL01E0F801E007C01FF83FEjX0300C010008gI0gU0FR07FCL01E0F801E007C01FF83FElQ0::gU0FR07FCL01F0F803F007C01FF87FFlQ0gU0FU01F007C1FFF83KFC1E0LFlP0:::gU0FU01F007C1FFF83KFC3E07KFlP0gU0FS07FE0FF801E0F801E007FFE007C1FFlP0:::gU0FS07FE0FF801E0F803E007FFF007C1FFlP0gU0FS07C1F007FFE0F83FE0FFC1FF07C1FFlP0:::gU0FR07801F0003FE0F80000FFFE1FlV0:::gU0FR07801F0003FE0780000FFFE1F8lU0gU0FR0780000FFFE0007FE00F801FFF83FFFlP0:::gU0FR07800007FFE0007FC007801FFF87FFFlP0gU0FR0783EK01E007CM01F07FE1FlP0:::gU0FR0783EK01E007CM01F8FFE1FlP0gU0FR078000F07C000FFC000OFE1FlP0:::gU0FgG01E0F83FFF07C000FFC1ElQ0::::gU0FR07MFC000FFC00007C1E0F83E1FlP0:::gU0FR07MFC0007FC00007C1E0F83E1FlP0gU0FR078K07CK03FE0FFC000FFC1ElQ0:::gU0FR078K07CK03FE0FFC000FFC3ElQ0gU0FR0783FFF07C01F003E1QFElQ0:::gU0FR0783FFF07C000F8001FF83KFC01FlP0:::gU0FR0783FFF07C000F8000FF83KFC01FlP0gU0FR0783FFF07C01F07FE0007C01F07C01FlP0:::gU0FR0783FFF07C00F07FC0007C01F87C01FlP0gU0FR078K07C00007C01F07C1FFFFC01FlP0:::gU0FR07CK07C00003C01F07C1FFFF801FlP0gU0FR07MFC1E00001FF07C01FF8001FlP0::gU0FR07MFC1E00001FF07800FF8000FlP0gU0FnR0:::::::::::::::::::::::::::::::::::::::::::::::::::::gU0FjI038jM0gU0FjH01F98jL0gU0FjH03F9EjL0gU0FjH0798FjL0gU0FjH0E187jL0gU0FjH0E183jL0gU0FjH0C1838jK0:gU0FjH0C1838hW03FFEgJ0gU0FjH0E1838hW0FFFFCgI0gU0FjH06187hW01FFFFEgI0gU0FjH0798FhW03E001FgI0gU0FjH03FFEhW0380007gI0gU0FjH01FFChW07000038gH0gU0FjI07FhX07000038gH0gU0FmI07000038gH0::gU0FmI0380007gI0gU0FjH01FFFhW03E001FgI0gU0FjH07FFFhW01FFFFEgI0gU0FjH0FFFFhX0FFFFCgI0gU0FjH0EiG03FFFgJ0gU0FjH0EiI0CgK0gU0FjH0CjO0:gU0FjH0EiH0FF8gJ0gU0FjH07iG07FFFgJ0gU0FjH03C01hX0FFFFCgI0gU0FjH03FFFhW01F807EgI0gU0FjH07FFFhW03C000FgI0gU0FjH0Fi0700007gI0gU0FjH0Ei07000038gH0gU0FjH0Ci07000038gH0:gU0FjH0Ei07000038gH0gU0FjH06i07000078gH0gU0FjH038hY03C000FgI0gL01FFFFC000FjH0FFFFh0FV03F003FgI0gL01FFFFC000FjH0FFFFgY01FCU01FFFFEgI0gM0FFFFC000FjH07FFFgY038CV07FFF8gI0gM07M0FlK0306W0FFEgJ0gM03M0FlK0306hJ0gM03M0FjK01gY0306hJ0gM03M0FjK03gY0306hJ0gU0FjH01FFF8gX0306hJ0gU0FjH07FFFgY0306hJ0gU0FgV0181F8hG07FFEgY0306V01E007gI0gU0FgV0783FChG0E30EgY03FFFCT01E007gI0gU0FgV0F879EhG0C187gY03FFFCT01E007gI0gM07E00C000FgV0E0706hG0C183jL0gM0FF80C000FgU01C0607hG0C183jL0gL01E380C000FgU01C0E03hG0C1838jK0gL01C1C0C000FgU0180E03hG0C1838gY0C1FhI0gL0180E0C000FgU0180E03hG0E1C38gX01C3F8hH0gL018060C000FgU0180C03hG078E7gY038718V01CgJ0gL018070C000FgU01C1C07hG038FFgY03060CV07F8gI0gL018030C000FgU01C1C07hG0187EgY06060CS0701FFCgI0gL01C038C000FgV0E3C0EhI018gY060E0CS0701FFEgI0gL01E01CC000FgV0FF81EjJ060C0CS0703C0FgI0gM0F80FC000FgV07F07CjJ060C0CS0703807gI0gM07C07C000FgV01E078jJ030C0CS07070038gH0gP01C000Fg01FC03k039C18S07070038gH0gU0Fg03FE03hX07FFgY01F878S07070038gH0gU0Fg078E03hW03FFFh0F0FT07070038gH0gO03E0000Fg070703hW07FFFhW07030038gH0gM07C7F8000FR07FFFF80060383P01FFFFhH0Fi0783807gI0gM0FEF7C000FR07FFFF80060183P01FFFF8hG0Ei07FFC07gI0gL01C7C1C000FR01F7FF000601C3Q0800FChG0CgM07E06U0ES03FFC1FgI0gL018380C000FS0EL0600C3U0EhG0CgM0FF06T01D8S01FC3EgI0gL018180E000FS06L0700E3U07hG0CgM0C306U08W038gI0gL018180E000FS06L078073U07hG0EY0FFFE00018186hX0gL018180E000FS06L03F03FU07hG07Y0FFFE00018186hX0gL018380C000FgG0F01FU03hG038X07L0180C6hX0gL01C7C1C000FgJ03U03hG0FFFFV03M0C066hX0gM0FEF7C000Fh07hG0FFFFV03M0E076hX0gM07E7F8000Fh07iG03M0783EhX0gO03E0000FT03CCK07C8U0EiO0381EhX0gU0FT0FCE00001FDET03EhK01jK0gU0FS01EC700003DCEQ0FFFFChK03hV07KFgI0gO03E0000FS018C3800038C7P01FFFFhL03V07D8K07D8R02V07KFgI0gM07C7F0000FS030C1800070C3iG03V0FDCK0FDCR038U07KFgI0gM0FEFF8000FS030C1800060C38i03V0CC6K0CC6R01FU01FgM0gL01EFC1C000FS030C1800060C38i03U018C6000018C6S07EU0FgM0gL01C380C000FS030C1800070C38i03U018C2000018C2T0FCT07gM0gL018180E000FS038C1800030C3iG03U018C2000018C2T01FT07gM0gL018180E000FS01CC3800038C7iG03U018C6000018C6T0FFCS07gM0gL018180E000FS01FFF00001FFEiG03V0CCEK0CCES07E0CS03gM0gL018380C000FT07FEK0FFCiG03V07FCK07FCR03F004hG0gL01C3C1C000FT03F8K03FiH03V03F8K03F8R03C004hG0gM0FFE3C000FjL03gY02hK0gM0FEFF8000FjL03jK0gM0383F0000FjL03jK0gU0FjL03V03FCK01FCR0300ChH0gU0Fh07ChJ01V0FFEK0FFER0701ChH0gU0FT0FFF80001FFFU0F6i01EL01ES01FFF8T01E007gI0gO07K0FS01FFF80003FFFU062i018L018T07W01E007gI0gO07K0FS03CL038iY018L018T03W01E007gI0gO07K0FS03M07i0C003V018L018i0gO07K0FS03M06i0C003W08M08i0gO07K0FS03M06U07hI0KFW0CM0Ci0gO07K0FS03M03U07EhH0KFV01FFE00001FFEQ033FFChH0gU0FS018L03U03FChG0FFFFEV01FFE00001FFEQ033FFChH0gU0FT0CL018U07FhH0Ci078gM0gU0FS03FFF80003FFFT0FEhG0Ci07CgM0gU0FS03FFF80007FFFT01F8kG07EgM0gU0FS0100100002W01FEkG07F8gL0gU0FgY0FEF8jI01C7T073CgL0gU0FgX07F018hG038U019FFE00019FFER03838S071FgL0gL01FFFFC000FgW03FC018gY0387EU018FFC00018FFCR0300CS0707CgK0gL01FFFFC000FgW07E0018gY078FFh0200CS0703F8gJ0gM0FFFFC000FR061FFF000E3FFFR07hJ0F0C3h0200CS0700FFgJ0gM07M0FR073FFF800E3FFFhW0E1C38gY0300CS07003FFgI0gM03M0FR063FFF800E3FFFR06002hG0C1C38gY03818S070007FgI0gM03M0FgW06003hG0C1818T01FFFE0001FFFER01FF8S070001FgI0gM03M0FgW0E007hG0C3838h0FET0700001gI0gU0FgV07FFFEhG0C3838hV07gN0gU0FgV07FFFChG0E783g0CM0CT01S07gN0gU0FgW06hJ07F0Fg0CM04T01S07gN0gU0FR07FFFF800KFR06hJ03F1Eg0CM04T01hH0gO07C0000FR07FFFF800KFhW01C1Cg0CM04T01hH0gL0180FF0000FR07FFFF800KFjG0CM04T01hH0gL0181FF8000FkL0CM04T01hH0gL018381C000FW01W01C7FFEhJ01g0CM04T01hH0gL018300C000FW01M03P0C7FFEhJ038Y0CM04T01hH0gL018300C000FW01M03hV03FFFg0CM04T01hH0gL018700E000FW01M03hV07FFFg0CM04T01hH0gL018300E000FW01M03R0C3hH07FFEg0CM0CT01S07KFgI0gL018300C000FW01M03Q03C3ChG0E306g04M04T01S07KFgI0gL01C380C000FW01M03Q0781EhG0C183hW03KFgI0gL01FF83C000FW01M03Q06006hG0C183hX0FgM0gM03F878000FW01M03Q06007hG0C1838W038L038T07U07gM0gO0870000FW01M03Q06003hG0C1838V0E7CK0E7CR018F8T07gM0gU0FW01M03Q06003hG0E1838V0C66K0C66R039DCT07gM0gU0FW01M03Q06007hG0F1C38U018C6000018C6R0318CT07gM0gU0FW01M03Q07006hG078FFV018C2000018C2R0218CT02gM0gU0FW01M03Q03C1EhG038FFV018C2000018C2R0210ChH0gO0F80000FW01M03Q01FFChI07EV018C6000018C6R0330ChH0gN07FF0000FW01M02R0FFiI0F86K0F86R03F1ChH0gN0FFF8000FkI0F9CK0F9CR01E38hH0gN0E01C000FkJ018L018T02hI0gM01C00C000FU01CL018V06lP0gM01800C000FT0C3F00001C7EV02lP0gM01800E000FS01C7F00003C7FV02gX03KFjL0gM01800C000FS03863800038E3V02gX03KFW043CK043CS08FhI0gN0C00C000FS03061800070C3V02iG0E7EK0E7ER018F8hH0gN0E018000FS030E1800060C18U02i01C6600001C66R0318ChH0gL01EF8F8000FS030E1800061C18U02i018C2000018C2R0318ChH0gL03FFFFC000FS030C1800061C38U02i018C2000018C2R0218ChH0gL03FFFFC000FS031C180007183V02i018C2000018C2R0230ChH0gU0FS01FC380003F87V02i0198600001986R0330CT07E003gI0gU0FS01F8F00001F1EV02iG0F8EK0F8ER03F38S01FF803gI0gO0180000FT070EK0E0CV02iG071CK071CR01E3T03FF803gI0gO0180000FhG02kG03C3C03gI0gO0180000FhG02kG0701E03gI0gL01FFFFC000FhG02iG07D8K07D8S0F3T0700E03gI0gL01FFFFC000FkI0FDCK0FDCR01F38S0700703gI0gL01FFFDC000FT043EK0C7ER0187CiH0CC6K0CC6R03918S0700703gI0gM0F0180000FS01C7F00001C7FR038FEhH0F98V018C6000018C6R0310CS0700383gI0gM038180000FS01C73800038E3R070C6hG03F9CV018C2000018C2R0210CS07001C3gI0gM01C180000FS03061800070C3R061C3hG07F9EV018C2000018C2R0310CS07801E3gI0gN07180000FS030E1800060C18Q061C3hG07187V018C6000018C6R0310CS03C00F3gI0gN03980000FS030E1800061C18Q06183hG0E183W0CCEK0CCER03918S01F807FgI0gN01F80000FS030C1800061C38Q06183hG0C1838V07FCK07FCR01FF8T0F803FgI0gO0780000FS031C180007183R06383hG0C1838V03F8K03F8S07EU07801FgI0gO0380000FS03BC380003B87R07707hG0C1838iG01gI0gU0FS01F8F00003F8FR03F1EhG0E1838jK0gU0FT0F0EK0F1ER01E1ChG0E183jL0gO06K0FjH07187V018L018T03hK0gO07K0FjH03FFEV018L018T03hK0gO07K0FjH01FFCW0CM0CT018hJ0gO07K0FT03CL038S0187ChH0FF8W0FFEK0FFER03FF8hH0gO07K0FT0FCEK0FDCR038FEiG01FFE00001FFER03FFChH0gO07K0FS01FCF00001FCER070C7lQ0gO06K0FS01CC3800038C7R061C3kH07KFgI0gU0FS038C1800030C3R06183kH07KFgI0gU0FS030C1800060C3R06183kH01KFgI0gO03E0000FS030C1800060C38Q06183hG03FFFU01FFFE0001FFFEQ03FFFCT0FgM0gM07C7F0000FS030C1800060C38Q06383hG07FFFU01FFFE0001FFFEQ03FFFCT07gM0gM0FEFF8000FS030C1800030C3R07707hG0Fg0C0CK0C0CR01818T07gM0gL01E7C1C000FS018C3800038C7R03F1EhG0Eg0806K0806R0300CT07gM0gL01C3C0C000FS01ECF00001DDER01E1ChG0CY0180200001802R0300CT07gM0gL018180C000FT0FFEK0FFEhW0CY0180200001802R0300ChH0gL018180E000FT03FCK07F8hW0EY0180600001806R0300ChH0gL018180E000FgX01hI06g0C0EK0C0ER0381ChH0gL018000C000FgW01F98hG07g0FFCK0FFCR01FF8hH0gL01C000C000FgW03F9ChG03FFFW03F8K03F8S0FFW03gK0gL01E001C000FS03M07U0398EhG07FFFi038gJ0gM0F80F8000FS038L07U07187hG0FFFFi03gK0gM0380F0000FS038L03U06183hG0EiI03gK0gP0C0000FS01CL038T06183hG0CiI03gK0gU0FT0EL01ET06183hG0CX01FFFE0001FFFEQ03FFFCV03gK0gM01C00C000FS03FFF80003FFFR06183hG0CX01FFFE0001FFFEQ03FFF8V03gK0gM07F00C000FS03FFF80003FFFR07187hG06g0C0CK0C0CR01818V038gJ0gM0FF80C000FgW0398EhG03Y01806K0806R0300CV03gK0gL01E3C0C000FgW01FFChG0FFFFV0180200001802R0300ChH0gL0181C0C000FgX0FF8hG0FFFFV0180200001802R0300ChH0gL0180E0C000FgX01ChH0FFFFV0180600001806R0300CV08gK0gL018060C000FkI0C0EK0C0ER0381CT03FFEgJ0gL018070C000FR07FFFF800KFR06iK0FFCK0FFCR01FF8T0FFFFCgI0gL018038C000FR07FFFF800KFR06iK03F8K03F8S0FET01FFFFEgI0gL01C018C000FS01E0F00001C1ER07hM03hW03E001FgI0gL01E01CC000FS0180300003806R03hM038X02M02U0CS0380007gI0gM0F80FC000FS0380180003003R01ChI03FFFW07FEK07FES0FFCS07000038gH0gM03C07C000FS0300180006003R07FFEhG07FFFW0FFEK0FFER01FF8S07000038gH0gQ0C000FS03001800060038Q07FFEhG0F39EV01D8C00001D8CR03338S07000038gH0gU0FS03001800070038hV0E306V0188400001884R03108S07000038gH0gU0FS0380380003003hW0C183V018C6000018C6R0210CS07000038gH0gM0383F0000FS01C0700003C0FhW0C183V018C2000018C2R0210CS0380007gI0gM07E7F8000FT0FFF00001FFEhW0C1838U018C2000018C2R0318CS03E001FgI0gM0FFE3C000FT07FEK0FFCP01FFFFEhG0C1838V0C66K0C66R0398CS01FFFFEgI0gL01C7C0C000FT01FL01FR0FFFFEhG0E1C38V0E7EK0E7ER01CF8T0FFFFCgI0gL018380C000FgW0380ChG071C38W03CL03CT07U03FFFgJ0gL018180E000FgW07006hG078FFjL0gL018180E000FgW06003hG0387Eg04M04T01hH0gL018180E000FgW06003hI03Cg0CM0CT01hH0gL018380C000FR07FFFF800KFR06003iK0CM04T01hH0gL01E7C1C000FR07FFFF800KFR06007iK0CM04T01hH0gM0FEFF8000FR07FFFF000FFFFER07007iK0CM04T01hH0gM07C7F8000FS01C0300001806R03C1EiK0CM04T01hH0gO03E0000FS0380180003003R01FFCiK0CM04T01hH0gU0FS0300180007003S0FF8hG03FFFg0CM04T01S07KFgI0gU0FS03001800060038hV07FFFg0CM04T01S07KFgI0gO03E0000FS03001800070038hV0FFFFg0CM04T01S07KFgI0gM07C7F0000FS0380180003003hW0EgI04M04T01S01KFgI0gM0FEFF8000FS01C0380003807hW0CgI0CM0CT01T0FgM0gL01E7C1C000FS01FBF00001FFEP01FFFFEhG0CiG07gM0gL0183C0C000FT0FFEK0FFCQ0FFFFEhG0CiG07gM0gL018180C000FT03F8K03FS0380ChG0EY01CL01CT03W07gM0gL018180E000FgW07006hG06Y01FL01FT03EV03gM0gL018180E000FV018L01R06003hG03g07EL07ET0FChI0gL018000C000FV018L03R06003hG0FFFFX0FCL0FCS01F8hH0gL01C000C000FT0FFF80001FFFR06003hG0FFFFY0FM0FT03EhH0gM0F003C000FS01FFF00003FFFR06007hG0FFFFX01FCK01FCS03F8hG0gM0F80F8000FS039CE0000398ER07006iI0FC6K0FC6R01F1CU03gK0gM0380F0000FS030C300007186R03C1EiH07E0300007E03R0FC04U038gJ0gU0FS030C180006183R01FFChK03U01F0030001F003Q03E004U03gK0gU0FS030C180006083S0FF8hK03U018L018T03Y03gK0gO02K0FS030C1800060C18i03hY03gK0gO07K0FS030E1800070C38i03hY03gK0gO07K0FS03861800038C3U03hK03U018L018T03Y03gK0gO07K0FS01E7F80003CFFR01FFFhK03U018L018T03Y038gJ0gO07K0FT0E3F00001C7FR03FFEhK03V0CM0CT01hK0gO07K0FU01EL03CR07FFChK03V06M06T01ChJ0gO07K0FgW0630ChK03U01FFE00001FFER03FFChH0gU0FW01M03Q06186hK03V0FFEK0FFER03FF8T03C003gI0gU0FW01M03Q06183hK03hW0FF003gI0gU0FW01M03Q06183hK03hV01FF803gI0gU0FW01M03Q06183hK03V018L018T03U03FFC03gI0gN07070000FW01M03Q071C3hK03V07D8K07D8S0F3T0781C03gI0gN0F078000FW01M03Q078E7hK03V0ECCK0ECC000071FK01D38S0700E03gI0gN0E01C000FW01M03Q038FEhK03U018C6000018C60000FBFC0000310CS0700F03gI0gM01C00C000FW01M03S07CiG018C6000018C60001CF0C0000310CS0700703gI0gM01800C000FW01M03iV018C2000018C2000186060000210CS0700383gI0gM01800C000FW01M03U02i018C2000018C2000106060000310CS0700383gI0gM01800C000FW01M03U06h0C003V018C6000018C6000106060000310CS07001C3gI0gM01C00C000FW01M03U02h0C003W0ECCK0ECC00018604000019B8S03801E3gI0gN0E01C000FW01M03U02h0E003W07FCK07FC0001CF0CK0FFT03E00F7gI0gN07FF8000FW01M03U02gY0KFW01FL01FK0FBFCK07ET01F807FgI0gN03FF0000FW01M03U02gY0KFgR071F8gH0F803FgI0gO0FC0000FhG02gY0EEFF8hX01800FgI0gU0FhG02h0CY018L018T03hK0gU0FhG02h0CY01FL01FL071F800003ChJ0gL018M0FT01EL01EW02iG07CL07CK0FBFC00001F8hI0gL01EM0FT07FCK0FFCV02iH0F8L0F80001CF0CK01FU07E003gI0gL01FM0FS01FFF00001FFEV02iH01EL01E00018606L07CS01FF003gI0gL01FCL0FS01C070000380FV02h0187CY0EM0E00010606L03CS03FF803gI0gL019EL0FS0380380007003V02h078FFX07CL07C00010606L0F8S03C3C03gI0gL01878K0FS0300180007003V06h078E7W03FL03F000018604K0FCT0781E03gI0gL0183FK0FS03001800060038U02h0E1C3V01F8K01F800001CF0C00003FU0700E03gI0gL0180FE0000FS0300180006003hW0C1C38U01CL01CL0F9FC000038U0700703gI0gL01803FC000FS0300180003003S0FFhH0C1C18gQ071F8gG0700703gI0gL018007C000FS0180300003807R03FFChG0C1818hV0700383gI0gL018000C000FT0E0F00001E1ER07C1EhG0C3838hV07003C3gI0gL018M0FS03FFFFE003FFFFCP07006hG0E3838gS0EgH07001C3gI0gL018M0FS03FFFFC003FFFFCP06007hG07F07U019FFE00019FFE000079F800033FFCS03C00E3gI0gL018M0FgW06003hG07F1FU019FFE00019FFE0000FF9C00033FFCS03F80FFgI0gU0FgW06003hG03E1EgQ018F0CgG01F807FgI0gU0FgW06003iV018606gH07801FgI0gN01F60000FgW03006iV010606gL07gI0gN07F78000FgW0381CiV018606hP0gN0F738000FS03FFF80003FFFR07FFFF8hX01FFFE0001FFFE0001860C0003FFFChH0gN0C31C000FS03FFF80003FFFR07FFFF8gY0EX01FFFE0001FFFE0001FF9C0003FFF8V08gK0gM01C30C000FV0EL01EhW0EgU0F9F8gH03FFEgJ0gM01830E000FV03M06hW0EgW0FgI0FFFFCgI0gM01830E000FV018L03hW07g03D8K03D8S072T01FFFFEgI0gM01830C000FV018L03hW038Y0FDCK0FDCL0EK01F38S03E001FgI0gN0C30C000FV018L03R07FFEhG0FFFFW0CCEK0CCE0000F9F800003918S0380007gI0gN0E31C000FV018L03R07FFEhG0FFFFV018C6000018C60000FF9C0000310CS07000038gH0gN07FF8000FV038L07L0CM03ChG07FFFV018C2000018C200018F0C0000210CS07000038gH0gN03FF0000FS03FFF00003FFF000407F8M06iG018C2000018C2000186060000210CS07000038gH0gO0FC0000FS03FFF00007FFE000E0FFCM06iG018C6000018C6000106060000310CS07000038gH0gU0FS01M02L0E0E0EM03iH0CC6K0CC60001860600003918S07000038gH0gU0FgN0E1C06M03iH0FFCK0FFC0001860C00001FF8S0380007gI0gU0FW01M0200E1807M07iH03F8K03F80000FF9CK0FFT03E001FgI0gL0308L0FW01M0300E1803M07iW0F9F8gG01FFFFEgI0gL0308L0FW01M0300E180300007FFEgY038FFFFgT0FgI0FFFFCgI0gL03FFFFC000FW01M0300E180300007FFCgY038FFFFhX03FFFgJ0gL03FFFFC000FW01M0300E0C07kS0CgK0gL01FFFFC000FW01M0300FFC0EiN01FFFE0001FFFE000030F00003FFF8hH0gN0CL0FW01M03007FE1EN02hY01FFFE0001FFFE0000F9F80003FFFChH0gN08L0FW01M030000E3CN06iG0E1CK0E0C0001DF0C00001838T03C003gI0gU0FW01M03K01O02gX030Cg0806K08060001860400003008T0FF003gI0gU0FW01M03U02gX030CY0180600001802000186060000300CS01FF803gI0gU0FW01M03K04O02gX038CY0180200001802000106060000300CS03E7C03gI0gN03FE0000FW01M03K06O02gX03KFV0180600001806000186060000300CS0781E03gI0gN07FF8000FW01M03K06O02gX01KFV01C0600001C060001CF0C0000301CS0700E03gI0gN0F03C000FW01M0300FFFFEN02gY07FFFFW0F3CK0F3C0000FFFC00001E78S0700703gI0gM01C01C000FW01M0300FFFFEN02h0Cg07F8K07F8000079F8K0FFT0700703gI0gM01C00C000FW01P0FFFFEN02h0CgG0CM0CT018T0700383gI0gM01800C000FgN03806O02kG0700383gI0gM01800C000FgJ010001C06O02kG07001C3gI0gM01C00C000FS02001800020030000F06O02kG03800E3gI0gN0C01C000FS030078000300F0000386O02kG03F00F7gI0gN07038000FS0381F0000381F00001E6O06kG01F807FgI0gL03FFFFC000FS01C3E00001C7CK07EkR0F803FgI0gL03FFFFC000FT0EF8K0EFL03EN02kJ08007gI0gU0FT07EL07EL01EK04006lQ0gU0FT03CL038S0601ElQ0gU0FT01CL018S0703ClQ0gO0180000FU0EL01CL01FK038F8lQ0gO0180000FR07FFFF800KF0003F3FC00001FElR0gL01FFFD8000FR07FFFF800KF0007FFFEK0FClR0gL01FFFFC000FgN071F0EK07lS0gL01FFFFC000FgN0E0E07K038lR0gM0E0180000FgN0C0E03000FFFFElQ0gM078180000FgN0C0C03001FFFFElQ0gM01C180000FgN0C0C03000FFFFElQ0gN0E180000FT0E0C00001C1C000E0007lY0gN07980000FS01E0F00003C1E000E0007lY0gN01D80000FS03C07000038070007C00EK0C1lR0gO0F80000FS03003800070030003C07C00003C3ClQ0gO0380000FS03001800060030000C07800007C1ElQ0gU0FS0300180006003R0700ElQ0gU0FS0300180006003R06007lQ0gU0FS03801800070030000F00600006003lQ0gU0FS01C07800038070003F80600006003lQ0gU0FS01FFF00001FFE0007FC0600006003lQ0gU0FT07FEK0FFC00070E0600007006lQ0gU0FT01F8K03F0000E07060000381ElQ0gL01FFFFC000FgN0C030600003FFClQ0gL01FFFFC000FgN0C0386K0FF8lQ0gM07M0FgN0C0186K01ClR0gM03M0FgN0E01C6lY0gM03M0FR073FFF800E3FFF000E00E6lY0gM03M0FR073FFF800E3FFF0007C076000C7FFEkI02003gJ0gM01M0FgN03E03E001C7FFEgT0FFC03E00007CO03FE01F00003EO03FF01F00001FK03800007000700FgJ0gU0FgO0E01E000C7FFEgT0FFC0FF8001FEO07FE07F8000FF8N03FF03FC0007F800007800007000701EgJ0gU0FiU0FFC0E38003C7O07FE0F1C000E38N03FF071E000F1C0000780000F000703CgJ0gU0FiT01C001C1C003038N06000E0E001C1CN03000E06000E0E0000F80001F0007078gJ0gU0FiT01800180C007038N06001C0E00180CN07000E07001C0E0001F80001F00070FgK0gU0FT03F8K07FT07FgT01800380E00701800E070006001C0600380E00F070006000C07001C060001B80003300071E001FBg0gN01040000FT0FFE00001FFCR01FFCgS01800380E00601C00F0E000E00180700380E007070006001C030018070003380006700073C003FF8Y0gN07070000FS01FBF00003F7ER03F7EgS01BF0380E00601C0071C000FF8180700380E0038E0006FC1C03001807000638000E7000778007078Y0gN0F078000FS03C0780003807R0700EgS01FF8300E00E01C0039C000FFE380700300E003DC0007FE1C03001807000E38000C70007FC00E078Y0gM01C01C000FS0380380007003M0200006007gS01C3C300E00E01C003F8000F0E3807003006001FC00070F1C03003807000C38001870007FC00E038Y0gM01C00C000FS0300180006003800FFFFE00006003gS0180E300E00E01C001F0000C073807003006000F80006039C03003807001838003870007CE00C038Y0gM01800C000FS03001800060038007FFFE00006003gV0E300E00E01C000FL03380700300E0007L039C030018070038380030300078F00C038Y0gM01800C000FS03001800060030003CM06003gV0E300E00601C000FL03180700380E000FL039C0300180700387A0074780070700C038Y0gM01C00C000FS01801800030030001CM06006gV0E380E006018001FL03180600380E000F8K019C03001807003FFF007FFE0070380C038Y0gN0C01C000FS01C03000018060001CM0300EgS0300E380E007018003B80008031C0600380E001DC000C038C07001C06003FFE007FFC00703C0C038Y0gN0F03C000FS01FFFFC003FFFFC00CM07FFFF8gQ0380E180C0070380039C001C071C0E00180C0039C000E038E07001C0E00003800003000701E0E078Y0gN07FF8000FS03FFFFE003FFFFC008M07FFFF8gQ0381C1C1C1838300071C000E070E0C0C1C1C0038E000E070E0E060E0C00003818003000700E07078Y0gN03FE0000FS01FFFFC003FFFFCP07FFFF8gQ01E3C0E78183CF000E0E000F1E0F3C1C0E780070700078F079E070F3C0000381C003000700707FF8Y0gO03K0FiU0FF807F0181FE001E070007FC07F81C07F000E078003FE03FC0707F80000381C003000700783FBg0kQ03C003C000078O01F001E00003CP0F000F00001EgH03g0oM03g0oK0E03g0oK0607g0oK07FEg0oK03FCg0,:::::::gO03FC03FC03F807F807F807F807F00FF00FF00FF01FE01FE01FE01FE03FC03FC03FC03F807F807F807F80FF00FF00FF00FF01FE01FE01FE01FC03FC03FC03FC07F807F807F807F80FF00FF00FF00FEgI0gO03FC03FC03F807F807F807F807F00FF00FF00FF01FE01FE01FE01FC03FC03FC03FC03F807F807F807F80FF00FF00FF00FF01FE01FE01FE01FC03FC03FC03FC07F807F807F807F80FF00FF00FF00FEgI0gO03FC03FC03F807F807F807F807F00FF00FF00FF01FE01FE01FE01FE03FC03FC03FC07F807F807F807F80FF00FF00FF00FF01FE01FE01FE01FC03FC03FC03FC07F807F807F807F80FF00FF00FF00FEgI0gO03FC03F803F803F807F807F007F007F00FF00FE00FE01FE01FE01FC01FC03FC03F803F803F807F807F007F00FF00FE00FE00FE01FE01FC01FC01FC03FC03F803F807F807F807F007F00FF00FE00FEgI0,::::::::::::Y03lYFE0007gMF8V0:::::::::::::::Y03lYFE0007MF01XF8V0Y03lYFE0007LFC003FK07FC1MF8V0Y03lYFE0007LF0001FK07E003LF8V0Y03lYFE0007LF0FE0F800007C001LF8V0Y03lYFE0007KFE1FF07FF8FFF83E0LF8V0Y03hIFCFFF87gQF9hXFE0007KFE3FF87FF8FFF87F0LF8V0Y03gWFE7FFC7CFFF87FFF000LF80FE03F80FE03FFFF8F9FFF007FCFFFF80FE03F80FFCgTFE0007KFC3FFC7FF8FFF8FF87KF8V0Y03gWFE7FF87CFFF1FFFF000LF007C01F007C01FFFF8F9FFF007FCFFFF007C01F007F8gTFE0007KFC3FFC7FF8FFF0FF87KF8V0Y03gWF87FF87CFFF3LF9KFE3E78F9E3E38F9FFFF0F9FFF3FFF8FFFE3E78F9E3E3F0gTFE0007KFC3LF8FFF1FF87KF8V0Y03gVFE07FF07CFFF3LF3KFE7E39F8E7F39F8FFFE0F9FFF3FFC0FFFE7E39F8E7F380gTFE0007KFC3LF8FFF1FF87KF8V0Y03gTF03E07FE47C83E0781FFF3F81FFE7E39F8E7F39F8FFFE4F903F3FFC0FFFE7E39F8E7F380gTFE0007KFE0LF8LF87KF8V0Y03gSFE01FE7FC47C00E0700FFE7E00FFFFE78F9E7F3FF9FFFCCF801E7FFFCFFFE3E38F8E7F3F8gTFE0007KFE00KF8LF0LF8V0Y03gSFC78FE7FCC7C78F3E7C7FCFE7CFFFFC7C71FFE3FF1FFF9CF8F8E01FFCFFFF1C7C71FFE3F8gTFE0007LF000FFFF8LF0LF8V0Y03gSF8FCFE7F9C7CFC73C7E7FCFC7C7FFE0FE03FFE3F83FFF1CF8FCE007FCFFFF80FE03FFE3F8gTFE0007LFC001FFF8KFC1LF8V0Y03gSF9FFFE7F3C7CFE73CFE7F9FCKFE07C01FF87F81FFF3CF9FCE3C3FCFFFF007C01FF87F8gTFE0007MFC00FFF8KF83LF8V0Y03gSF9FFFE7F3C7CFE73C7E3F9FCFFE07FC38F8FE1FFF0E067CF9FCFFE3FCFC0E3E38F8FF1FF8gTFE0007NFC07FF8FFFFE07LF8V0Y03gSF9FFFE7E7C7CFE73C003F1FCFFC07FE39F8FC3FFF8E047CF9FCFFF3FCFC0E7F39FCFC3FF8gTFE0007OF83FF8FFFF81MF8V0Y03gSF9FFFE7E001CFE73CFFFF3FCMF31FCF8FFFFCFFC0019FCFFF3FCFFFC7F31FCF8FFF8gTFE0007OFC3FF8FFFF07MF8V0Y03gSF9FDFE7E001CFE73CFFFE3FCFEFFCFF31FCF3FF3FCFFC0039FCFFF3FCFFFC7F31FCF1FFF8gTFE0007KF87FFC3FF8FFFC1NF8V0Y03gSF8FCFE7FFC7CFC73CFE7E7FCFC7FC7F31FCE7FF1FCFFFFCF9FCC7F3FCFFFC7F31FCE3FFF8gTFE0007KF87FFE3FF8FFFC3NF8V0Y03gSFCF9FE7FFC7C7CF3E7C7E7FC7CFFE7E38F8E7FF9F8FFFFCF8F9E7E3FCFFFE3E38F8E7FFF8gTFE0007KFC7FFC3FF8FFF87NF8V0Y03gSFC21FE7FFC7C11F3E18FE7FE10FFE187861C003861FFFFCF821E187FCFFFE187861C003F8gTFE0007KFC3FFC3FF8FFF0OF8V0Y03gSFE03FE7FFC7D83F3F01FC7FF03FFF00FE03C003C03FFFFCF903F00FFCFFFF80FE03C003F8gTFE0007KFC1FF87FF8FFF1OF8V0Y03hOFEQFE7FF9LF9gFE7FF9hGFE0007KFE0FF07FF8FFF0000LF8V0Y03lYFE0007LF0000FFF8FFF00007KF8V0Y03lYFE0007LF8003FFF87FE00007KF8V0Y03lYFE0007LFE00XF8V0Y03lYFE0007gMF8V0::::::::::::::::::::,:::::::::::::nY018gM0lU07F000FE001F8007F001FCY03800181FCgJ0lU0FFC03FF007FE00FFC03FFY03800387FFgJ0lT01FFE07FF80FFF01FFE07FF8X0780038FFF8gI0g01C3gT06iV03C1E0703C1E0783C1E0F038X0F80030E078gI0g03C3gT06iV0380F0F01C1C038380F0E03CW07F80031C03CgI0g0703N0EgK06O0CiL038070E01C1C03838070E01CW0FF80071C01CgI0g07P0EgK06O0CiL078070E01C1C03878070E01CW0FF80061C01CgI0g06P0EgK06O0CiL0380F0E01C1C038380F0E03CX0380061C01CgI0g070000180E00EL038007800181800180006007001E01CL0300078003818003hK03C0E0703C1E0783C0E0F038X03800E0001CgI0Y01FC303383F83F800006FE01FE077E7E00FF000603FE07F83F80000CFC01FE06FCFE00FEhJ01E3E07C780F9F01E3E078F8X03800C0003CgI0Y01FC303F871C1F800007FF03CF07FFFF01EF8006078F0F3C3FK0FFE03CF07FFFF03FFhK0FF801FF007FE00FF803FEY03800C00078gI0g060303C0E0E0EK070707038787838383800607070C0C0CK0F06030387078703838hI01FFC03FF807FE01FFC07FFY03801C000FgJ0g06030380E060EK070307038703838301C00606031C0C0CK0E07070387070307018hI03E3E0787C1F0F83E3E0F8F8X03801C003EgJ0g06030380E000EK060300038703038700C00600071C000CK0E07000386070306018hI0780F0F01E1C038780F1E03CX03801800FCgJ0g06030300F800EK0603000F8703038700C006000F0F800CK0C07000F8607030601ChI070070E00E3C03C70071C01CX03803801FgK0g060303007F80EK060301FF87030387FFC00603FF07F00CK0C0701FF8607030FFFChI070079E00E3801C70079C01EX03803807CgK0g060303000FE0EK060303F387030387FFC00607E301FC0CK0C0703F38607030FFF8hI070039E00E3801C70039C00EX0380300FgL0g0603030000E0EK0603070387030387K060E03001E0CK0C07070386070306hL070079E00E3801C70079C00EX0380700EgL0g060303000070EK0603060387030387K060E07000E0CK0C07060386070306hL070070E00E3C01C70071C01CX0380701CgL0g06030300C070EK060306038703038301C0060C071C060CK0C07060386070307018hI078070E01E3C03878071E01CX0380601CgL0g06030300E060EK06030607870303838180060E0F1C0E0CK0C07070786070307038hI03C0E0F83C1E0783C0F0F03CX0380E03FFFCgI0g06030300F1E0780000603079F87030381E780060F3F8F3C0FK0C07079FC6070303CFhJ03FFE07FF80FFF01FFE07FF8X0380E03FFFCgI0g060303007FC078000060303F9C7030380FF000607F3C7F80F80000C0703F9C6070301FEhK0FFC03FF007FE00FFC03FFY0380C03FFFCgI0gN0FS0CO038K01C001ES0EO038hK03E0007C001F8003E000F8hR0,gR01FFFEgQ01FFFClU0gS0FFFEgQ01FFFClU0,:::::::::::gG01F8701C001E380FFF80E0387E000781E07FFE38001C7F01C7F01C000FC070E000E1FFF80E038E03F800380E0007E1C070FC000E0380FFF8700038FE03801FFF0E3C001C07F1C3F01C000FFC0F01FC7F003FF1C3FY0gG01F8701C001E380FFF80E0387E000781E07FFE38001C7F01C7F01C001FC071E000E1FFF81E078E03F800380F0007F1C070FC000E0380FFF8700038FE03801FFF0E3C001C07F1C3F01C000FFC0F01FC7F003FF1C3FY0::::::::::::::::::::::::::::::::::::::::::::::::::::::::::::::::::::::::::::gG01084010000C08040080201842000300C02004180014210142101400084050C0006100100C03060110001806000421405084000C0300801050003044030010010C180014042042100400080806008822002020421Y0,:::::::::::mH0EQ038gL07gK0::::::kW01C7E0007F8038E01FE000FE00E007FM039FC001FF00E3807F8003FC000FE7001FCg0kW01DFF801FFE03BE03FF803FF80E01FFCL03BFE003FF80E780FFE007FF001FF7007FFg0kW01FFFC03E3E03FE07CF807FFC0E03E3EL03FFF007C7C0EF81FBF00F9F803FFF00FFF8Y0kW01F03C0380F03F00F03C0781E0E0380EL03E0780F01E0FC03C0F01E07C0781F01E078Y0kW01E01E0780703E00E01C0F00E0E0780FL03C03C0E00E0F80380703C03C0F00F01C03CY0kW01E00E0700703C01E01E0E00F0E07806L03803C0E00E0F00780383801C0E00F03C01CY0kW01C00E0000703801C00C1E0070E078N03801C0000E0E00700303801E0E00703801EY0kW01C00E0000F03801C0001C0070E03EN03801C0003E0E00700003801E0E00703801EY0kW01C00F007FF03801C0001FFFF0E03FEM03801C00FFE0E00700007800E1E00703FFFEY0kW01C00F01FFF03801C0001FFFF0E00FFCL03801C07FFE0E00700007800E1E00703FFFEY0kW01C00F03F8703801C0001FFFF0E001FEL03801C0FE0E0E00700007800E1E00703FFFCY0kW01C00E0780703801C0001C0000E0003FL03801C0F00E0E00700007801E1E007038gH0kW01C00E0700703801C00C1C0000E00007L03801C1E00E0E00700303801E0E007038gH0kW01E00E0F00703801E01E1E0070E07007L03803C1C01E0E00780783801C0E00F03C01CY0kW01E01E0F00F03801E01C0E00E0E07007L03C0381C01E0E00780703C03C0F00F03C01CY0kW01F03C0F01F03800F03C0F01E0E07807L03C0781E03E0E003C0F01C0380701F01E03CY0kW01F87C0787F0380078780783C0E03C1EL03F0F00F0FE0E001E1E01F0F807C3F00F0F8Y0kW01FFF803FF7C38007FF003FF80E03FFEL03FFE00FFEF8E000FFC00FFF003FF700FFFg0kW01CFF001FE3C38001FE001FF00E01FFCL03BFC007F878E0007F8007FE001FE7003FEg0kW01C380007N03000038K03EO070000EN0C0000F0000380000FgG0kW01CjO0:kW01CgP0KFhT0kW01CgP0BFFFAhT0kW01CjO0:,:::::::::::::::::::::::::::::::::::::::::::::::::::::::::::::::::::::::::::::::::::^FS,^XZ
